Eigenvector list -linfix consists of the indices: 
Eigenvector list -linacc consists of the indices: 1 
Eigenvector list  -flood consists of the indices: 
Eigenvector list -radfix consists of the indices: 
Eigenvector list -radacc consists of the indices: 
Eigenvector list -radcon consists of the indices: 
Eigenvector list    -mon consists of the indices: 

Select an index group of 4 elements that corresponds to the eigenvectors
Selected 0: 'System'

