                      :-) GROMACS - gmx mdrun, 2024.1 (-:

Executable:   /home/ubuntu/W4GROMACSPIPE/Gromacs_Head/Gromacs_Base/gromacs-2024.1/build/bin/gmx
Data prefix:  /home/ubuntu/W4GROMACSPIPE/Gromacs_Head/Gromacs_Base/gromacs-2024.1 (source tree)
Working dir:  /home/ubuntu/W4GROMACSPIPE/Gromacs_Head/Gromacs_Base/gromacs-2024.1/build/tests/complex/ethyleenglycol/nb-cpu
Command line:
  gmx mdrun -notunepme -nb cpu

Reading file topol.tpr, VERSION 2024.1 (single precision)

NOTE: Parallelization is limited by the small number of atoms,
      only starting 16 thread-MPI ranks.
      You can use the -nt and/or -ntmpi option to optimize the number of threads.

Changing nstlist from 5 to 25, rlist from 1.015 to 1.115

Update groups can not be used for this system because there are three or more consecutively coupled constraints

Using 16 MPI threads
Using 3 OpenMP threads per tMPI thread

starting mdrun 'ethylene glycol'
20 steps,      0.0 ps.

Writing final coordinates.

               Core t (s)   Wall t (s)        (%)
       Time:        0.994        0.021     4784.2
                 (ns/day)    (hour/ns)
Performance:       87.331        0.275

Thanx for Using GROMACS - Have a Nice Day

