                      :-) GROMACS - gmx mdrun, 2024.1 (-:

Executable:   /home/ubuntu/W4GROMACSPIPE/Gromacs_Head/Gromacs_Base/gromacs-2024.1/build/bin/gmx
Data prefix:  /home/ubuntu/W4GROMACSPIPE/Gromacs_Head/Gromacs_Base/gromacs-2024.1 (source tree)
Working dir:  /home/ubuntu/W4GROMACSPIPE/Gromacs_Head/Gromacs_Base/gromacs-2024.1/build/tests/complex/pull_geometry_angle-axis/nb-cpu
Command line:
  gmx mdrun -notunepme -nb cpu

Reading file topol.tpr, VERSION 2024.1 (single precision)

NOTE: Parallelization is limited by the small number of atoms,
      only starting 1 thread-MPI ranks.
      You can use the -nt and/or -ntmpi option to optimize the number of threads.

Changing nstlist from 10 to 100, rlist from 0.8 to 0.881

Using 1 MPI thread
Using 16 OpenMP threads 

starting mdrun 'Alanine-dipeptide'
20 steps,      0.0 ps.

Writing final coordinates.

               Core t (s)   Wall t (s)        (%)
       Time:        0.331        0.021     1594.2
                 (ns/day)    (hour/ns)
Performance:      175.036        0.137

Thanx for Using GROMACS - Have a Nice Day

