                      :-) GROMACS - gmx mdrun, 2024.1 (-:

Executable:   /home/ubuntu/W4GROMACSPIPE/Gromacs_Head/Gromacs_Base/gromacs-2024.1/build/bin/gmx
Data prefix:  /home/ubuntu/W4GROMACSPIPE/Gromacs_Head/Gromacs_Base/gromacs-2024.1 (source tree)
Working dir:  /home/ubuntu/W4GROMACSPIPE/Gromacs_Head/Gromacs_Base/gromacs-2024.1/build/tests/complex/nst_mismatch/nb-cpu
Command line:
  gmx mdrun -notunepme -nb cpu

Reading file topol.tpr, VERSION 2024.1 (single precision)

NOTE: Parallelization is limited by the small number of atoms,
      only starting 6 thread-MPI ranks.
      You can use the -nt and/or -ntmpi option to optimize the number of threads.

Can not increase nstlist because verlet-buffer-tolerance is not set or used
Using 6 MPI threads
Using 8 OpenMP threads per tMPI thread

starting mdrun 'Water'
30 steps,      0.1 ps.

Writing final coordinates.


Dynamic load balancing report:
 DLB was off during the run due to low measured imbalance.
 Average load imbalance: 7.2%.
 The balanceable part of the MD step is 19%, load imbalance is computed from this.
 Part of the total run time spent waiting due to load imbalance: 1.4%.


               Core t (s)   Wall t (s)        (%)
       Time:        1.116        0.023     4784.4
                 (ns/day)    (hour/ns)
Performance:      229.723        0.104

Thanx for Using GROMACS - Have a Nice Day

