                      :-) GROMACS - gmx mdrun, 2024.1 (-:

Executable:   /home/ubuntu/W4GROMACSPIPE/Gromacs_Head/Gromacs_Base/gromacs-2024.1/build/bin/gmx
Data prefix:  /home/ubuntu/W4GROMACSPIPE/Gromacs_Head/Gromacs_Base/gromacs-2024.1 (source tree)
Working dir:  /home/ubuntu/W4GROMACSPIPE/Gromacs_Head/Gromacs_Base/gromacs-2024.1/build/tests/complex/nacl/nb-cpu
Command line:
  gmx mdrun -notunepme -nb cpu

Reading file topol.tpr, VERSION 2024.1 (single precision)

NOTE: Parallelization is limited by the small number of atoms,
      only starting 6 thread-MPI ranks.
      You can use the -nt and/or -ntmpi option to optimize the number of threads.

Changing nstlist from 5 to 25, rlist from 1 to 1.092

Using 6 MPI threads
Using 8 OpenMP threads per tMPI thread

starting mdrun 'Salt'
20 steps,      0.1 ps.

Writing final coordinates.

NOTE: 63 % of the run time was spent communicating energies,
      you might want to increase some nst* mdp options

               Core t (s)   Wall t (s)        (%)
       Time:        0.783        0.016     4790.4
                 (ns/day)    (hour/ns)
Performance:      554.702        0.043

Thanx for Using GROMACS - Have a Nice Day

