                      :-) GROMACS - gmx mdrun, 2024.1 (-:

Executable:   /home/ubuntu/W4GROMACSPIPE/Gromacs_Head/Gromacs_Base/gromacs-2024.1/build/bin/gmx
Data prefix:  /home/ubuntu/W4GROMACSPIPE/Gromacs_Head/Gromacs_Base/gromacs-2024.1 (source tree)
Working dir:  /home/ubuntu/W4GROMACSPIPE/Gromacs_Head/Gromacs_Base/gromacs-2024.1/build/tests/complex/distance_restraints
Command line:
  gmx mdrun -ntmpi 1 -notunepme

Reading file topol.tpr, VERSION 2024.1 (single precision)
Changing nstlist from 10 to 25, rlist from 1.062 to 1.186

1 GPU selected for this run.
Mapping of GPU IDs to the 1 GPU task in the 1 rank on this node:
  PP:0
PP tasks will do (non-perturbed) short-ranged interactions on the GPU
PP task will update and constrain coordinates on the GPU
Using 1 MPI thread
Using 48 OpenMP threads 

starting mdrun 'UBIQUITIN t=   0.00000'
10 steps,      0.0 ps.

Writing final coordinates.

               Core t (s)   Wall t (s)        (%)
       Time:        0.838        0.018     4746.9
                 (ns/day)    (hour/ns)
Performance:      107.705        0.223

Thanx for Using GROMACS - Have a Nice Day

