Generated 2 of the 3 non-bonded parameter combinations

Excluding 1 bonded neighbours molecule type 'DIP'
Analysing residue names:
There are:     2      Other residues
Analysing residues not classified as Protein/DNA/RNA/Water and splitting into groups...

This run will generate roughly 0 Mb of data
