Generated 1 of the 1 non-bonded parameter combinations

Excluding 1 bonded neighbours molecule type 'Argon'
Analysing residue names:
There are:   125      Other residues
Analysing residues not classified as Protein/DNA/RNA/Water and splitting into groups...

Determining Verlet buffer for a tolerance of 0.005 kJ/mol/ps at 119.719 K

Calculated rlist for 1x1 atom pair-list as 2.500 nm, buffer size 0.000 nm

Set rlist, assuming 4x4 atom pair-list, to 2.500 nm, buffer size 0.000 nm

Note that mdrun will redetermine rlist based on the actual pair-list setup

This run will generate roughly 0 Mb of data
