Generated 3 of the 3 non-bonded parameter combinations

Excluding 3 bonded neighbours molecule type 'butane'

turning all bonds into constraints...
Analysing residue names:
There are:   125      Other residues
Analysing residues not classified as Protein/DNA/RNA/Water and splitting into groups...

Determining Verlet buffer for a tolerance of 0.005 kJ/mol/ps at 270 K

Calculated rlist for 1x1 atom pair-list as 1.002 nm, buffer size 0.002 nm

Set rlist, assuming 4x4 atom pair-list, to 1.000 nm, buffer size 0.000 nm

Note that mdrun will redetermine rlist based on the actual pair-list setup

This run will generate roughly 0 Mb of data
