                      :-) GROMACS - gmx mdrun, 2024.1 (-:

Executable:   /home/ubuntu/W4GROMACSPIPE/Gromacs_Head/Gromacs_Base/gromacs-2024.1/build/bin/gmx
Data prefix:  /home/ubuntu/W4GROMACSPIPE/Gromacs_Head/Gromacs_Base/gromacs-2024.1 (source tree)
Working dir:  /home/ubuntu/W4GROMACSPIPE/Gromacs_Head/Gromacs_Base/gromacs-2024.1/build/tests/freeenergy/simtemp/nb-cpu
Command line:
  gmx mdrun -notunepme -nb cpu

Reading file topol.tpr, VERSION 2024.1 (single precision)

NOTE: Parallelization is limited by the small number of atoms,
      only starting 24 thread-MPI ranks.
      You can use the -nt and/or -ntmpi option to optimize the number of threads.

Changing nstlist from 10 to 100, rlist from 0.75 to 0.846

Using 24 MPI threads
Using 2 OpenMP threads per tMPI thread

starting mdrun 'Alanine Side Chain'
40 steps,      0.0 ps.

Writing final coordinates.

NOTE: 27 % of the run time was spent communicating energies,
      you might want to increase some nst* mdp options

               Core t (s)   Wall t (s)        (%)
       Time:        1.051        0.022     4778.4
                 (ns/day)    (hour/ns)
Performance:      161.100        0.149

Thanx for Using GROMACS - Have a Nice Day

