                      :-) GROMACS - gmx mdrun, 2024.1 (-:

Executable:   /home/ubuntu/W4GROMACSPIPE/Gromacs_Head/Gromacs_Base/gromacs-2024.1/build/bin/gmx
Data prefix:  /home/ubuntu/W4GROMACSPIPE/Gromacs_Head/Gromacs_Base/gromacs-2024.1 (source tree)
Working dir:  /home/ubuntu/W4GROMACSPIPE/Gromacs_Head/Gromacs_Base/gromacs-2024.1/build/tests/complex/cbt
Command line:
  gmx mdrun -nb cpu -notunepme

Reading file topol.tpr, VERSION 2024.1 (single precision)

NOTE: Parallelization is limited by the small number of atoms,
      only starting 1 thread-MPI ranks.
      You can use the -nt and/or -ntmpi option to optimize the number of threads.

Using 1 MPI thread
Using 16 OpenMP threads 

starting mdrun 'PEG polymer (37 monomers) in solution'
10 steps,      0.4 ps.

Writing final coordinates.

               Core t (s)   Wall t (s)        (%)
       Time:        0.174        0.011     1592.3
                 (ns/day)    (hour/ns)
Performance:     3478.493        0.007

Thanx for Using GROMACS - Have a Nice Day

