                      :-) GROMACS - gmx mdrun, 2024.1 (-:

Executable:   /home/ubuntu/W4GROMACSPIPE/Gromacs_Head/Gromacs_Base/gromacs-2024.1/build/bin/gmx
Data prefix:  /home/ubuntu/W4GROMACSPIPE/Gromacs_Head/Gromacs_Base/gromacs-2024.1 (source tree)
Working dir:  /home/ubuntu/W4GROMACSPIPE/Gromacs_Head/Gromacs_Base/gromacs-2024.1/build/tests/freeenergy/expanded
Command line:
  gmx mdrun -notunepme

Reading file topol.tpr, VERSION 2024.1 (single precision)

NOTE: Parallelization is limited by the small number of atoms,
      only starting 4 thread-MPI ranks.
      You can use the -nt and/or -ntmpi option to optimize the number of threads.

Changing nstlist from 10 to 100, rlist from 1 to 1.136

On host ip-172-31-60-115 4 GPUs selected for this run.
Mapping of GPU IDs to the 4 GPU tasks in the 4 ranks on this node:
  PP:0,PP:1,PP:2,PP:3
PP tasks will do (non-perturbed) short-ranged and most bonded interactions on the GPU
PP task will update and constrain coordinates on the CPU
Using 4 MPI threads
Using 8 OpenMP threads per tMPI thread

starting mdrun 'Tryptophan Side Chain Analog'
68 steps,      0.1 ps.

Writing final coordinates.

               Core t (s)   Wall t (s)        (%)
       Time:       10.414        0.329     3165.3
                 (ns/day)    (hour/ns)
Performance:       36.240        0.662

Thanx for Using GROMACS - Have a Nice Day

