                      :-) GROMACS - gmx mdrun, 2024.1 (-:

Executable:   /home/ubuntu/W4GROMACSPIPE/Gromacs_Head/Gromacs_Base/gromacs-2024.1/build/bin/gmx
Data prefix:  /home/ubuntu/W4GROMACSPIPE/Gromacs_Head/Gromacs_Base/gromacs-2024.1 (source tree)
Working dir:  /home/ubuntu/W4GROMACSPIPE/Gromacs_Head/Gromacs_Base/gromacs-2024.1/build/tests/complex/sw/nb-cpu
Command line:
  gmx mdrun -ntmpi 1 -notunepme -nb cpu

Reading file topol.tpr, VERSION 2024.1 (single precision)
Changing nstlist from 10 to 25, rlist from 0.804 to 0.864

Using 1 MPI thread
Using 48 OpenMP threads 

starting mdrun 'Water'
20 steps,      0.0 ps.

Writing final coordinates.

               Core t (s)   Wall t (s)        (%)
       Time:        4.876        0.102     4795.1
                 (ns/day)    (hour/ns)
Performance:       35.689        0.672

Thanx for Using GROMACS - Have a Nice Day

