Generated 3 of the 3 non-bonded parameter combinations

Generated 3 of the 3 1-4 parameter combinations

Excluding 3 bonded neighbours molecule type 'DRG'

Velocities were taken from a Maxwell distribution at 300 K
Analysing residue names:
There are:     1      Other residues
Analysing residues not classified as Protein/DNA/RNA/Water and splitting into groups...

Determining Verlet buffer for a tolerance of 0.005 kJ/mol/ps at 300 K

Calculated rlist for 1x1 atom pair-list as 2.000 nm, buffer size 0.000 nm

Set rlist, assuming 4x4 atom pair-list, to 2.000 nm, buffer size 0.000 nm

Note that mdrun will redetermine rlist based on the actual pair-list setup

This run will generate roughly 0 Mb of data
